196753284
745218396
832496157
378962415
429185763
561374928
984531672
257649831
613827549
