736815429
451692378
982734561
627351984
813469257
594287613
248573196
369128745
175946832
