157649382
284375916
396821475
415296738
763518249
928437651
672153894
831964527
549782163
